mode: set
gateway_service/main.go:35.13,40.16 3 0
gateway_service/main.go:40.16,42.3 1 0
gateway_service/main.go:43.2,46.16 3 0
gateway_service/main.go:46.16,48.3 1 0
gateway_service/main.go:49.2,54.43 4 0
gateway_service/main.go:54.43,56.3 1 0
gateway_service/main.go:59.2,72.12 4 0
gateway_service/main.go:72.12,75.70 3 0
gateway_service/main.go:75.70,77.4 1 0
gateway_service/main.go:80.2,87.40 7 0
gateway_service/main.go:87.40,89.3 1 0
gateway_service/main.go:90.2,90.54 1 0
gateway_service/routes/account.go:19.62,26.2 6 0
gateway_service/routes/account.go:29.60,32.2 2 0
gateway_service/routes/account.go:35.61,37.2 1 0
gateway_service/routes/account.go:40.59,44.2 3 0
gateway_service/routes/account.go:47.61,51.2 3 0
gateway_service/routes/account.go:54.62,58.2 3 0
gateway_service/routes/account.go:61.64,65.2 3 0
gateway_service/routes/auth.go:21.56,32.2 7 0
gateway_service/routes/auth.go:47.54,50.2 2 0
gateway_service/routes/auth.go:62.59,65.2 2 0
gateway_service/routes/auth.go:77.52,80.2 2 0
gateway_service/routes/auth.go:96.52,100.16 3 0
gateway_service/routes/auth.go:100.16,104.3 1 0
gateway_service/routes/auth.go:106.2,106.23 1 0
gateway_service/routes/auth.go:106.23,108.3 1 0
gateway_service/routes/auth.go:111.2,112.17 2 0
gateway_service/routes/auth.go:112.17,116.3 1 0
gateway_service/routes/auth.go:118.2,118.37 1 0
gateway_service/routes/auth.go:131.52,133.2 1 0
gateway_service/routes/auth.go:145.55,147.2 1 0
gateway_service/routes/auth.go:159.55,161.2 1 0
gateway_service/routes/currency.go:19.64,23.2 3 0
gateway_service/routes/currency.go:26.58,28.16 2 0
gateway_service/routes/currency.go:28.16,30.3 1 0
gateway_service/routes/currency.go:31.2,32.79 2 0
gateway_service/routes/currency.go:36.61,41.2 4 0
gateway_service/routes/currency.go:44.58,47.2 2 0
gateway_service/routes/customer.go:25.64,41.2 12 0
gateway_service/routes/customer.go:44.77,46.17 2 0
gateway_service/routes/customer.go:46.17,48.3 1 0
gateway_service/routes/customer.go:50.2,51.16 2 0
gateway_service/routes/customer.go:51.16,53.3 1 0
gateway_service/routes/customer.go:54.2,54.18 1 0
gateway_service/routes/customer.go:54.18,56.3 1 0
gateway_service/routes/customer.go:59.2,61.20 2 0
gateway_service/routes/customer.go:77.65,82.16 4 0
gateway_service/routes/customer.go:82.16,84.3 1 0
gateway_service/routes/customer.go:86.2,86.23 1 0
gateway_service/routes/customer.go:86.23,88.3 1 0
gateway_service/routes/customer.go:90.2,93.16 3 0
gateway_service/routes/customer.go:93.16,97.3 1 0
gateway_service/routes/customer.go:98.2,99.16 2 0
gateway_service/routes/customer.go:99.16,103.3 1 0
gateway_service/routes/customer.go:105.2,108.4 1 0
gateway_service/routes/customer.go:112.80,114.16 2 0
gateway_service/routes/customer.go:114.16,116.9 2 0
gateway_service/routes/customer.go:116.9,118.4 1 0
gateway_service/routes/customer.go:119.3,119.13 1 0
gateway_service/routes/customer.go:122.2,124.81 3 0
gateway_service/routes/customer.go:138.68,140.2 1 0
gateway_service/routes/customer.go:153.64,155.2 1 0
gateway_service/routes/customer.go:168.67,170.2 1 0
gateway_service/routes/customer.go:183.64,185.2 1 0
gateway_service/routes/customer.go:196.63,198.2 1 0
gateway_service/routes/customer.go:211.61,213.2 1 0
gateway_service/routes/customer.go:224.68,226.16 2 0
gateway_service/routes/customer.go:226.16,228.9 2 0
gateway_service/routes/customer.go:228.9,230.4 1 0
gateway_service/routes/customer.go:231.3,231.13 1 0
gateway_service/routes/customer.go:234.2,238.19 4 0
gateway_service/routes/customer.go:238.19,240.3 1 0
gateway_service/routes/customer.go:242.2,242.23 1 0
gateway_service/routes/customer.go:242.23,244.3 1 0
gateway_service/routes/customer.go:247.2,247.20 1 0
gateway_service/routes/customer.go:247.20,249.3 1 0
gateway_service/routes/customer.go:252.2,256.16 3 0
gateway_service/routes/customer.go:256.16,260.3 1 0
gateway_service/routes/customer.go:262.2,267.4 1 0
gateway_service/routes/customer.go:283.68,286.2 2 0
gateway_service/routes/customer.go:299.65,302.2 2 0
gateway_service/routes/customer.go:315.64,318.2 2 0
gateway_service/routes/customer.go:329.63,331.16 2 0
gateway_service/routes/customer.go:331.16,333.3 1 0
gateway_service/routes/customer.go:335.2,335.23 1 0
gateway_service/routes/customer.go:335.23,337.3 1 0
gateway_service/routes/customer.go:339.2,339.65 1 0
gateway_service/routes/customer.go:339.65,341.3 1 0
gateway_service/routes/customer.go:343.2,343.37 1 0
gateway_service/routes/customer.go:349.36,353.2 3 0
gateway_service/routes/helpers.go:16.47,17.29 1 0
gateway_service/routes/helpers.go:17.29,19.3 1 0
gateway_service/routes/helpers.go:20.2,21.16 2 0
gateway_service/routes/helpers.go:21.16,23.3 1 0
gateway_service/routes/helpers.go:24.2,25.18 2 0
gateway_service/routes/helpers.go:35.40,37.16 2 0
gateway_service/routes/helpers.go:37.16,39.3 1 0
gateway_service/routes/helpers.go:41.2,42.20 2 0
gateway_service/routes/helpers.go:42.20,44.3 1 0
gateway_service/routes/helpers.go:46.2,48.16 3 0
gateway_service/routes/helpers.go:48.16,50.3 1 0
gateway_service/routes/helpers.go:52.2,54.65 3 0
gateway_service/routes/helpers.go:54.65,56.3 1 0
gateway_service/routes/helpers.go:57.2,57.83 1 0
gateway_service/routes/helpers.go:57.83,59.3 1 0
gateway_service/routes/helpers.go:61.2,62.16 2 0
gateway_service/routes/helpers.go:62.16,64.3 1 0
gateway_service/routes/helpers.go:65.2,68.16 3 0
gateway_service/routes/helpers.go:68.16,70.3 1 0
gateway_service/routes/helpers.go:72.2,73.58 2 0
gateway_service/routes/helpers.go:73.58,76.3 1 0
gateway_service/routes/helpers.go:78.2,78.37 1 0
gateway_service/routes/metal.go:21.58,23.2 1 0
gateway_service/routes/metal.go:26.60,28.16 2 0
gateway_service/routes/metal.go:28.16,30.3 1 0
gateway_service/routes/metal.go:31.2,32.76 2 0
gateway_service/routes/transaction.go:19.70,24.2 4 0
gateway_service/routes/transaction.go:27.60,32.2 4 0
gateway_service/routes/transaction.go:35.61,40.2 4 0
gateway_service/routes/transaction.go:43.61,48.2 4 0
gateway_service/routes/transaction.go:51.71,56.23 4 0
gateway_service/routes/transaction.go:56.23,58.3 1 0
gateway_service/routes/transaction.go:59.2,59.82 1 0
gateway_service/config/config.go:32.21,49.2 1 0
gateway_service/config/config.go:52.42,53.38 1 0
gateway_service/config/config.go:53.38,55.3 1 0
gateway_service/config/config.go:56.2,56.17 1 0
gateway_service/config/config.go:60.44,61.15 1 0
gateway_service/config/config.go:61.15,63.3 1 0
gateway_service/config/config.go:64.2,66.26 3 0
gateway_service/config/config.go:66.26,67.53 1 0
gateway_service/config/config.go:67.53,69.4 1 0
gateway_service/config/config.go:71.2,71.16 1 0
gateway_service/middleware/auth.go:48.41,49.34 1 0
gateway_service/middleware/auth.go:49.34,51.3 1 0
gateway_service/middleware/auth.go:52.2,52.23 1 0
gateway_service/middleware/auth.go:52.23,54.3 1 0
gateway_service/middleware/auth.go:55.2,55.40 1 0
gateway_service/middleware/auth.go:55.40,56.38 1 0
gateway_service/middleware/auth.go:56.38,58.4 1 0
gateway_service/middleware/auth.go:60.2,60.37 1 0
gateway_service/middleware/auth.go:60.37,61.34 1 0
gateway_service/middleware/auth.go:61.34,63.4 1 0
gateway_service/middleware/auth.go:65.2,65.14 1 0
gateway_service/middleware/auth.go:69.79,70.54 1 0
gateway_service/middleware/auth.go:70.54,71.37 1 0
gateway_service/middleware/auth.go:71.37,75.30 3 0
gateway_service/middleware/auth.go:75.30,77.5 1 0
gateway_service/middleware/auth.go:79.4,80.19 2 0
gateway_service/middleware/auth.go:80.19,84.5 1 0
gateway_service/middleware/auth.go:86.4,87.18 2 0
gateway_service/middleware/auth.go:87.18,91.5 1 0
gateway_service/middleware/auth.go:92.4,92.26 1 0
gateway_service/middleware/auth.go:92.26,96.5 1 0
gateway_service/middleware/auth.go:98.4,108.49 5 0
gateway_service/middleware/auth.go:108.49,112.5 1 0
gateway_service/middleware/auth.go:114.4,114.18 1 0
gateway_service/app/setup.go:24.14,42.44 7 0
gateway_service/app/setup.go:42.44,44.3 1 0
gateway_service/app/setup.go:45.2,48.46 2 0
gateway_service/app/setup.go:48.46,50.3 1 0
gateway_service/app/setup.go:53.2,92.10 13 0
gateway_service/redis/onboarding.go:21.70,23.16 2 0
gateway_service/redis/onboarding.go:23.16,25.3 1 0
gateway_service/redis/onboarding.go:26.2,26.59 1 0
gateway_service/redis/onboarding.go:30.42,32.2 1 0
gateway_service/redis/onboarding.go:34.46,36.2 1 0
gateway_service/redis/onboarding.go:39.38,41.40 2 0
gateway_service/redis/onboarding.go:41.40,43.3 1 0
gateway_service/redis/onboarding.go:44.2,44.53 1 0
gateway_service/redis/onboarding.go:48.116,50.2 1 0
gateway_service/redis/onboarding.go:54.99,56.22 2 0
gateway_service/redis/onboarding.go:56.22,58.3 1 0
gateway_service/redis/onboarding.go:59.2,59.17 1 0
gateway_service/redis/onboarding.go:63.109,65.2 1 0
gateway_service/redis/onboarding.go:68.91,70.2 1 0
gateway_service/redis/sessions.go:20.66,22.16 2 0
gateway_service/redis/sessions.go:22.16,24.3 1 0
gateway_service/redis/sessions.go:25.2,25.57 1 0
gateway_service/redis/sessions.go:29.40,31.2 1 0
gateway_service/redis/sessions.go:34.58,36.2 1 0
gateway_service/redis/sessions.go:38.43,40.2 1 0
gateway_service/redis/sessions.go:42.44,44.2 1 0
gateway_service/redis/sessions.go:47.131,49.28 2 0
gateway_service/redis/sessions.go:49.28,51.3 1 0
gateway_service/redis/sessions.go:53.2,59.12 7 0
gateway_service/redis/sessions.go:63.98,65.16 2 0
gateway_service/redis/sessions.go:65.16,67.3 1 0
gateway_service/redis/sessions.go:68.2,68.20 1 0
gateway_service/redis/sessions.go:68.20,70.3 1 0
gateway_service/redis/sessions.go:71.2,71.18 1 0
gateway_service/redis/sessions.go:75.105,81.2 5 0
gateway_service/redis/sessions.go:84.107,86.25 2 0
gateway_service/redis/sessions.go:86.25,88.3 1 0
gateway_service/redis/sessions.go:89.2,89.62 1 0
gateway_service/redis/sessions.go:93.79,95.31 2 0
gateway_service/redis/sessions.go:95.31,97.3 1 0
gateway_service/redis/sessions.go:99.2,104.12 6 0
gateway_service/redis/sessions.go:108.78,110.36 2 0
gateway_service/redis/sessions.go:110.36,112.3 1 0
gateway_service/redis/sessions.go:114.2,115.27 2 0
gateway_service/redis/sessions.go:115.27,117.3 1 0
gateway_service/redis/sessions.go:118.2,119.38 2 0
gateway_service/proxy/forward.go:27.68,29.34 2 0
gateway_service/proxy/forward.go:29.34,36.3 1 0
gateway_service/proxy/forward.go:37.2,37.11 1 0
gateway_service/proxy/forward.go:41.68,43.2 1 0
gateway_service/proxy/forward.go:46.35,47.31 1 0
gateway_service/proxy/forward.go:47.31,49.3 1 0
gateway_service/proxy/forward.go:59.9,61.9 2 0
gateway_service/proxy/forward.go:61.9,65.3 1 0
gateway_service/proxy/forward.go:67.2,68.17 2 0
gateway_service/proxy/forward.go:68.17,70.17 2 0
gateway_service/proxy/forward.go:70.17,74.4 1 0
gateway_service/proxy/forward.go:75.3,75.42 1 0
gateway_service/proxy/forward.go:78.2,80.16 3 0
gateway_service/proxy/forward.go:80.16,84.3 1 0
gateway_service/proxy/forward.go:86.2,89.65 3 0
gateway_service/proxy/forward.go:89.65,91.3 1 0
gateway_service/proxy/forward.go:92.2,92.83 1 0
gateway_service/proxy/forward.go:92.83,94.3 1 0
gateway_service/proxy/forward.go:96.2,97.16 2 0
gateway_service/proxy/forward.go:97.16,101.3 1 0
gateway_service/proxy/forward.go:102.2,105.16 3 0
gateway_service/proxy/forward.go:105.16,109.3 1 0
gateway_service/proxy/forward.go:111.2,112.23 2 0
gateway_service/proxy/forward.go:112.23,114.3 1 0
gateway_service/proxy/forward.go:115.2,115.55 1 0
gateway_service/proxy/forward.go:125.9,127.9 2 0
gateway_service/proxy/forward.go:127.9,131.3 1 0
gateway_service/proxy/forward.go:133.2,134.20 2 0
gateway_service/proxy/forward.go:134.20,136.3 1 0
gateway_service/proxy/forward.go:138.2,140.16 3 0
gateway_service/proxy/forward.go:140.16,144.3 1 0
gateway_service/proxy/forward.go:146.2,149.65 3 0
gateway_service/proxy/forward.go:149.65,151.3 1 0
gateway_service/proxy/forward.go:152.2,152.83 1 0
gateway_service/proxy/forward.go:152.83,154.3 1 0
gateway_service/proxy/forward.go:156.2,157.16 2 0
gateway_service/proxy/forward.go:157.16,161.3 1 0
gateway_service/proxy/forward.go:162.2,165.16 3 0
gateway_service/proxy/forward.go:165.16,169.3 1 0
gateway_service/proxy/forward.go:171.2,172.23 2 0
gateway_service/proxy/forward.go:172.23,174.3 1 0
gateway_service/proxy/forward.go:175.2,175.55 1 0
gateway_service/docs/docs.go:1803.13,1805.2 1 0
gateway_service/main.go:35.13,40.16 3 0
gateway_service/main.go:40.16,42.3 1 0
gateway_service/main.go:43.2,46.16 3 0
gateway_service/main.go:46.16,48.3 1 0
gateway_service/main.go:49.2,54.43 4 0
gateway_service/main.go:54.43,56.3 1 0
gateway_service/main.go:59.2,72.12 4 0
gateway_service/main.go:72.12,75.70 3 0
gateway_service/main.go:75.70,77.4 1 0
gateway_service/main.go:80.2,87.40 7 0
gateway_service/main.go:87.40,89.3 1 0
gateway_service/main.go:90.2,90.54 1 0
gateway_service/app/setup.go:24.14,42.44 7 1
gateway_service/app/setup.go:42.44,44.3 1 0
gateway_service/app/setup.go:45.2,48.46 2 1
gateway_service/app/setup.go:48.46,50.3 1 0
gateway_service/app/setup.go:53.2,92.10 13 1
gateway_service/config/config.go:32.21,49.2 1 1
gateway_service/config/config.go:52.42,53.38 1 1
gateway_service/config/config.go:53.38,55.3 1 1
gateway_service/config/config.go:56.2,56.17 1 1
gateway_service/config/config.go:60.44,61.15 1 1
gateway_service/config/config.go:61.15,63.3 1 0
gateway_service/config/config.go:64.2,66.26 3 1
gateway_service/config/config.go:66.26,67.53 1 1
gateway_service/config/config.go:67.53,69.4 1 1
gateway_service/config/config.go:71.2,71.16 1 1
gateway_service/docs/docs.go:1803.13,1805.2 1 1
gateway_service/middleware/auth.go:48.41,49.34 1 1
gateway_service/middleware/auth.go:49.34,51.3 1 1
gateway_service/middleware/auth.go:52.2,52.23 1 1
gateway_service/middleware/auth.go:52.23,54.3 1 1
gateway_service/middleware/auth.go:55.2,55.40 1 1
gateway_service/middleware/auth.go:55.40,56.38 1 1
gateway_service/middleware/auth.go:56.38,58.4 1 1
gateway_service/middleware/auth.go:60.2,60.37 1 1
gateway_service/middleware/auth.go:60.37,61.34 1 1
gateway_service/middleware/auth.go:61.34,63.4 1 1
gateway_service/middleware/auth.go:65.2,65.14 1 1
gateway_service/middleware/auth.go:69.79,70.54 1 1
gateway_service/middleware/auth.go:70.54,71.37 1 1
gateway_service/middleware/auth.go:71.37,75.30 3 1
gateway_service/middleware/auth.go:75.30,77.5 1 1
gateway_service/middleware/auth.go:79.4,80.19 2 1
gateway_service/middleware/auth.go:80.19,84.5 1 1
gateway_service/middleware/auth.go:86.4,87.18 2 1
gateway_service/middleware/auth.go:87.18,91.5 1 0
gateway_service/middleware/auth.go:92.4,92.26 1 1
gateway_service/middleware/auth.go:92.26,96.5 1 1
gateway_service/middleware/auth.go:98.4,108.49 5 1
gateway_service/middleware/auth.go:108.49,112.5 1 1
gateway_service/middleware/auth.go:114.4,114.18 1 1
gateway_service/proxy/forward.go:27.68,29.34 2 1
gateway_service/proxy/forward.go:29.34,36.3 1 1
gateway_service/proxy/forward.go:37.2,37.11 1 1
gateway_service/proxy/forward.go:41.68,43.2 1 1
gateway_service/proxy/forward.go:46.35,47.31 1 1
gateway_service/proxy/forward.go:47.31,49.3 1 1
gateway_service/proxy/forward.go:59.9,61.9 2 1
gateway_service/proxy/forward.go:61.9,65.3 1 1
gateway_service/proxy/forward.go:67.2,68.17 2 1
gateway_service/proxy/forward.go:68.17,70.17 2 1
gateway_service/proxy/forward.go:70.17,74.4 1 0
gateway_service/proxy/forward.go:75.3,75.42 1 1
gateway_service/proxy/forward.go:78.2,80.16 3 1
gateway_service/proxy/forward.go:80.16,84.3 1 0
gateway_service/proxy/forward.go:86.2,89.65 3 1
gateway_service/proxy/forward.go:89.65,91.3 1 1
gateway_service/proxy/forward.go:92.2,92.83 1 1
gateway_service/proxy/forward.go:92.83,94.3 1 0
gateway_service/proxy/forward.go:96.2,97.16 2 1
gateway_service/proxy/forward.go:97.16,101.3 1 0
gateway_service/proxy/forward.go:102.2,105.16 3 1
gateway_service/proxy/forward.go:105.16,109.3 1 0
gateway_service/proxy/forward.go:111.2,112.23 2 1
gateway_service/proxy/forward.go:112.23,114.3 1 1
gateway_service/proxy/forward.go:115.2,115.55 1 1
gateway_service/proxy/forward.go:125.9,127.9 2 1
gateway_service/proxy/forward.go:127.9,131.3 1 0
gateway_service/proxy/forward.go:133.2,134.20 2 1
gateway_service/proxy/forward.go:134.20,136.3 1 1
gateway_service/proxy/forward.go:138.2,140.16 3 1
gateway_service/proxy/forward.go:140.16,144.3 1 1
gateway_service/proxy/forward.go:146.2,149.65 3 1
gateway_service/proxy/forward.go:149.65,151.3 1 0
gateway_service/proxy/forward.go:152.2,152.83 1 1
gateway_service/proxy/forward.go:152.83,154.3 1 0
gateway_service/proxy/forward.go:156.2,157.16 2 1
gateway_service/proxy/forward.go:157.16,161.3 1 1
gateway_service/proxy/forward.go:162.2,165.16 3 1
gateway_service/proxy/forward.go:165.16,169.3 1 0
gateway_service/proxy/forward.go:171.2,172.23 2 1
gateway_service/proxy/forward.go:172.23,174.3 1 0
gateway_service/proxy/forward.go:175.2,175.55 1 1
gateway_service/redis/onboarding.go:21.70,23.16 2 1
gateway_service/redis/onboarding.go:23.16,25.3 1 0
gateway_service/redis/onboarding.go:26.2,26.59 1 1
gateway_service/redis/onboarding.go:30.42,32.2 1 1
gateway_service/redis/onboarding.go:34.46,36.2 1 1
gateway_service/redis/onboarding.go:39.38,41.40 2 1
gateway_service/redis/onboarding.go:41.40,43.3 1 0
gateway_service/redis/onboarding.go:44.2,44.53 1 1
gateway_service/redis/onboarding.go:48.116,50.2 1 1
gateway_service/redis/onboarding.go:54.99,56.22 2 1
gateway_service/redis/onboarding.go:56.22,58.3 1 1
gateway_service/redis/onboarding.go:59.2,59.17 1 1
gateway_service/redis/onboarding.go:63.109,65.2 1 1
gateway_service/redis/onboarding.go:68.91,70.2 1 1
gateway_service/redis/sessions.go:20.66,22.16 2 1
gateway_service/redis/sessions.go:22.16,24.3 1 0
gateway_service/redis/sessions.go:25.2,25.57 1 1
gateway_service/redis/sessions.go:29.40,31.2 1 1
gateway_service/redis/sessions.go:34.58,36.2 1 1
gateway_service/redis/sessions.go:38.43,40.2 1 1
gateway_service/redis/sessions.go:42.44,44.2 1 1
gateway_service/redis/sessions.go:47.131,49.28 2 1
gateway_service/redis/sessions.go:49.28,51.3 1 1
gateway_service/redis/sessions.go:53.2,59.12 7 1
gateway_service/redis/sessions.go:63.98,65.16 2 1
gateway_service/redis/sessions.go:65.16,67.3 1 0
gateway_service/redis/sessions.go:68.2,68.20 1 1
gateway_service/redis/sessions.go:68.20,70.3 1 1
gateway_service/redis/sessions.go:71.2,71.18 1 1
gateway_service/redis/sessions.go:75.105,81.2 5 1
gateway_service/redis/sessions.go:84.107,86.25 2 1
gateway_service/redis/sessions.go:86.25,88.3 1 1
gateway_service/redis/sessions.go:89.2,89.62 1 1
gateway_service/redis/sessions.go:93.79,95.31 2 1
gateway_service/redis/sessions.go:95.31,97.3 1 0
gateway_service/redis/sessions.go:99.2,104.12 6 1
gateway_service/redis/sessions.go:108.78,110.36 2 1
gateway_service/redis/sessions.go:110.36,112.3 1 0
gateway_service/redis/sessions.go:114.2,115.27 2 1
gateway_service/redis/sessions.go:115.27,117.3 1 1
gateway_service/redis/sessions.go:118.2,119.38 2 1
gateway_service/routes/account.go:19.62,26.2 6 1
gateway_service/routes/account.go:29.60,32.2 2 1
gateway_service/routes/account.go:35.61,37.2 1 1
gateway_service/routes/account.go:40.59,44.2 3 1
gateway_service/routes/account.go:47.61,51.2 3 1
gateway_service/routes/account.go:54.62,58.2 3 1
gateway_service/routes/account.go:61.64,65.2 3 1
gateway_service/routes/auth.go:21.56,32.2 7 1
gateway_service/routes/auth.go:47.54,50.2 2 1
gateway_service/routes/auth.go:62.59,65.2 2 1
gateway_service/routes/auth.go:77.52,80.2 2 1
gateway_service/routes/auth.go:96.52,100.16 3 1
gateway_service/routes/auth.go:100.16,104.3 1 0
gateway_service/routes/auth.go:106.2,106.23 1 1
gateway_service/routes/auth.go:106.23,108.3 1 0
gateway_service/routes/auth.go:111.2,112.17 2 1
gateway_service/routes/auth.go:112.17,116.3 1 1
gateway_service/routes/auth.go:118.2,118.37 1 1
gateway_service/routes/auth.go:131.52,133.2 1 1
gateway_service/routes/auth.go:145.55,147.2 1 1
gateway_service/routes/auth.go:159.55,161.2 1 1
gateway_service/routes/currency.go:19.64,23.2 3 1
gateway_service/routes/currency.go:26.58,28.16 2 1
gateway_service/routes/currency.go:28.16,30.3 1 1
gateway_service/routes/currency.go:31.2,32.79 2 1
gateway_service/routes/currency.go:36.61,41.2 4 0
gateway_service/routes/currency.go:44.58,47.2 2 0
gateway_service/routes/customer.go:25.64,41.2 12 1
gateway_service/routes/customer.go:44.77,46.17 2 1
gateway_service/routes/customer.go:46.17,48.3 1 0
gateway_service/routes/customer.go:50.2,51.16 2 1
gateway_service/routes/customer.go:51.16,53.3 1 0
gateway_service/routes/customer.go:54.2,54.18 1 1
gateway_service/routes/customer.go:54.18,56.3 1 0
gateway_service/routes/customer.go:59.2,61.20 2 1
gateway_service/routes/customer.go:77.65,82.16 4 1
gateway_service/routes/customer.go:82.16,84.3 1 0
gateway_service/routes/customer.go:86.2,86.23 1 1
gateway_service/routes/customer.go:86.23,88.3 1 0
gateway_service/routes/customer.go:90.2,93.16 3 1
gateway_service/routes/customer.go:93.16,97.3 1 0
gateway_service/routes/customer.go:98.2,99.16 2 1
gateway_service/routes/customer.go:99.16,103.3 1 0
gateway_service/routes/customer.go:105.2,108.4 1 1
gateway_service/routes/customer.go:112.80,114.16 2 1
gateway_service/routes/customer.go:114.16,116.9 2 0
gateway_service/routes/customer.go:116.9,118.4 1 0
gateway_service/routes/customer.go:119.3,119.13 1 0
gateway_service/routes/customer.go:122.2,124.81 3 1
gateway_service/routes/customer.go:138.68,140.2 1 1
gateway_service/routes/customer.go:153.64,155.2 1 1
gateway_service/routes/customer.go:168.67,170.2 1 1
gateway_service/routes/customer.go:183.64,185.2 1 1
gateway_service/routes/customer.go:196.63,198.2 1 1
gateway_service/routes/customer.go:211.61,213.2 1 1
gateway_service/routes/customer.go:224.68,226.16 2 1
gateway_service/routes/customer.go:226.16,228.9 2 0
gateway_service/routes/customer.go:228.9,230.4 1 0
gateway_service/routes/customer.go:231.3,231.13 1 0
gateway_service/routes/customer.go:234.2,238.19 4 1
gateway_service/routes/customer.go:238.19,240.3 1 0
gateway_service/routes/customer.go:242.2,242.23 1 1
gateway_service/routes/customer.go:242.23,244.3 1 0
gateway_service/routes/customer.go:247.2,247.20 1 1
gateway_service/routes/customer.go:247.20,249.3 1 1
gateway_service/routes/customer.go:252.2,256.16 3 1
gateway_service/routes/customer.go:256.16,260.3 1 0
gateway_service/routes/customer.go:262.2,267.4 1 1
gateway_service/routes/customer.go:283.68,286.2 2 1
gateway_service/routes/customer.go:299.65,302.2 2 1
gateway_service/routes/customer.go:315.64,318.2 2 1
gateway_service/routes/customer.go:329.63,331.16 2 1
gateway_service/routes/customer.go:331.16,333.3 1 0
gateway_service/routes/customer.go:335.2,335.23 1 1
gateway_service/routes/customer.go:335.23,337.3 1 0
gateway_service/routes/customer.go:339.2,339.65 1 1
gateway_service/routes/customer.go:339.65,341.3 1 1
gateway_service/routes/customer.go:343.2,343.37 1 1
gateway_service/routes/customer.go:349.36,353.2 3 1
gateway_service/routes/helpers.go:16.47,17.29 1 1
gateway_service/routes/helpers.go:17.29,19.3 1 0
gateway_service/routes/helpers.go:20.2,21.16 2 1
gateway_service/routes/helpers.go:21.16,23.3 1 0
gateway_service/routes/helpers.go:24.2,25.18 2 1
gateway_service/routes/helpers.go:35.40,37.16 2 1
gateway_service/routes/helpers.go:37.16,39.3 1 0
gateway_service/routes/helpers.go:41.2,42.20 2 1
gateway_service/routes/helpers.go:42.20,44.3 1 1
gateway_service/routes/helpers.go:46.2,48.16 3 1
gateway_service/routes/helpers.go:48.16,50.3 1 0
gateway_service/routes/helpers.go:52.2,54.65 3 1
gateway_service/routes/helpers.go:54.65,56.3 1 1
gateway_service/routes/helpers.go:57.2,57.83 1 1
gateway_service/routes/helpers.go:57.83,59.3 1 1
gateway_service/routes/helpers.go:61.2,62.16 2 1
gateway_service/routes/helpers.go:62.16,64.3 1 0
gateway_service/routes/helpers.go:65.2,68.16 3 1
gateway_service/routes/helpers.go:68.16,70.3 1 0
gateway_service/routes/helpers.go:72.2,73.58 2 1
gateway_service/routes/helpers.go:73.58,76.3 1 1
gateway_service/routes/helpers.go:78.2,78.37 1 1
gateway_service/routes/metal.go:21.58,23.2 1 1
gateway_service/routes/metal.go:26.60,28.16 2 1
gateway_service/routes/metal.go:28.16,30.3 1 1
gateway_service/routes/metal.go:31.2,32.76 2 1
gateway_service/routes/transaction.go:19.70,24.2 4 1
gateway_service/routes/transaction.go:27.60,32.2 4 1
gateway_service/routes/transaction.go:35.61,40.2 4 1
gateway_service/routes/transaction.go:43.61,48.2 4 1
gateway_service/routes/transaction.go:51.71,56.23 4 1
gateway_service/routes/transaction.go:56.23,58.3 1 0
gateway_service/routes/transaction.go:59.2,59.82 1 1
